eï¿½.Rï¿½ï¿½8ï¿½ï¿½ï¿½ï¿½ï¿½ï¿½ï¿½ÒµSï¿½ï¿½ï¿½ï¿½ï¿½0ï¿½ ï¿½ï¿½]Rï¿½ï¿½ï¿½Qï¿½Uï¿½	İ¯ï¿½ï¿½ï¿½ï¿½3ï¿½iï¿½ï¿½_Tï¿½ï¿½e1ï¿½Sï¿½%=Oï¿½ï¿½ï¿½cï¿½ï¿½ï¿½ï¿½ï¿½Zï¿½ï¿½bï¿½*]Pï¿½Â•Õï¿½ï¿½ï¿½_Ùºï¿½ï¿½0ï¿½\Eï¿½vï¿½ï¿½ï¿½0ï¿½ï¿½ï¿½v'ï¿½ï¿½0ï¿½ï¿½ï¿½_dï¿½ï¿½ï¿½ï¿½A0ï¿½ï¿½ï¿½Vï¿½i0ï¿½0ï¿½}ï¿½rï¿½ï¿½ï¿½*ï¿½ï¿½KÕº4ï¿½1 ,ï¿½ï¿½kï¿½VKiï¿½C!ï¿½+ï¿½ï¿½ï¿½mï¿½ï¿½ï¿½3bï¿½nï¿½Sï¿½ï¿½ï¿½!ï¿½ï¿½0ï¿½ï¿½ï¿½Ê²ï¿½ï¿½ï¿½ï¿½ï¿½*ï¿½ï¿½+Ñºï¿½Ñï¿½ï¿½ï¿½Â¬ï¿½ï¿½i1Mï¿½S*ï¿½ï¿½Â 7ï¿½ï¿½ L&ï¿½ï¿½ï¿½mï¿½jï¿½ï¿½+ï¿½:ï¿½Qï¿½ï¿½ï¿½ï¿½ï¿½,kï¿½ï¿½ï¿½ï¿½loXï¿½ï¿½ï¿½Q0Â‚ï¿½ï¿½ï¿½ï¿½ï¿½ï¿½ï¿½ï¿½*ï¿½KÉ¹ï¿½ï¿½Q0ï¿½ï¿½ï¿½M*
[0;32mI (32) boot: ESP-IDF v5.2-dev-1349-gcf7e743a9b-dirty 2nd stage bootloader[0m
[0;32mI (32) boot: compile time Jul 17 2023 17:41:06[0m
[0;32mI (34) boot: Multicore bootloader[0m
[0;32mI (38) boot: chip revision: v1.0[0m
[0;32mI (42) boot.esp32: SPI Speed      : 40MHz[0m
[0;32mI (46) boot.esp32: SPI Mode       : DIO[0m
[0;32mI (51) boot.esp32: SPI Flash Size : 4MB[0m
[0;32mI (56) boot: Enabling RNG early entropy source...[0m
[0;32mI (61) boot: Partition Table:[0m
[0;32mI (65) boot: ## Label            Usage          Type ST Offset   Length[0m
[0;32mI (72) boot:  0 nvs              WiFi data        01 02 00009000 00004000[0m
[0;32mI (79) boot:  1 otadata          OTA data         01 00 0000d000 00002000[0m
[0;32mI (87) boot:  2 phy_init         RF data          01 01 0000f000 00001000[0m
[0;32mI (94) boot:  3 ota_0            OTA app          00 10 00010000 001f0000[0m
[0;32mI (102) boot:  4 ota_1            OTA app          00 11 00200000 001f0000[0m
[0;32mI (109) boot: End of partition table[0m
[0;32mI (114) boot: No factory image, trying OTA 0[0m
[0;32mI (118) esp_image: segment 0: paddr=00010020 vaddr=3f400020 size=6ac94h (437396) map[0m
[0;32mI (285) esp_image: segment 1: paddr=0007acbc vaddr=3ffb0000 size=03768h ( 14184) load[0m
[0;32mI (291) esp_image: segment 2: paddr=0007e42c vaddr=40080000 size=01bech (  7148) load[0m
[0;32mI (294) esp_image: segment 3: paddr=00080020 vaddr=400d0020 size=8d574h (578932) map[0m
[0;32mI (508) esp_image: segment 4: paddr=0010d59c vaddr=40081bec size=13c14h ( 80916) load[0m
[0;32mI (553) boot: Loaded app from partition at offset 0x10000[0m
[0;32mI (594) boot: Set actual ota_seq=1 in otadata[0][0m
[0;32mI (594) boot: Disabling RNG early entropy source...[0m
[0;32mI (605) cpu_start: Multicore app[0m
[0;32mI (606) cpu_start: Pro cpu up.[0m
[0;32mI (606) cpu_start: Starting app cpu, entry point is 0x400811f0[0m
[0;32mI (0) cpu_start: App cpu up.[0m
[0;32mI (623) cpu_start: Pro cpu start user code[0m
[0;32mI (623) cpu_start: cpu freq: 160000000 Hz[0m
[0;32mI (624) cpu_start: Application information:[0m
[0;32mI (628) cpu_start: Project name:     esp32-iot-application[0m
[0;32mI (634) cpu_start: App version:      1[0m
[0;32mI (639) cpu_start: Compile time:     Jul 17 2023 17:41:02[0m
[0;32mI (645) cpu_start: ELF file SHA256:  0b464489a...[0m
[0;32mI (650) cpu_start: ESP-IDF:          v5.2-dev-1349-gcf7e743a9b-dirty[0m
[0;32mI (657) cpu_start: Min chip rev:     v0.0[0m
[0;32mI (662) cpu_start: Max chip rev:     v3.99 [0m
[0;32mI (667) cpu_start: Chip rev:         v1.0[0m
[0;32mI (672) heap_init: Initializing. RAM available for dynamic allocation:[0m
[0;32mI (679) heap_init: At 3FFAE6E0 len 00001920 (6 KiB): DRAM[0m
[0;32mI (685) heap_init: At 3FFB78F0 len 00028710 (161 KiB): DRAM[0m
[0;32mI (691) heap_init: At 3FFE0440 len 00003AE0 (14 KiB): D/IRAM[0m
[0;32mI (697) heap_init: At 3FFE4350 len 0001BCB0 (111 KiB): D/IRAM[0m
[0;32mI (704) heap_init: At 40095800 len 0000A800 (42 KiB): IRAM[0m
[0;32mI (712) spi_flash: detected chip: generic[0m
[0;32mI (715) spi_flash: flash io: dio[0m
[0;33mW (719) ADC: legacy driver is deprecated, please migrate to `esp_adc/adc_oneshot.h`[0m
[0;32mI (728) app_start: Starting scheduler on CPU0[0m
[0;32mI (732) app_start: Starting scheduler on CPU1[0m
[0;32mI (732) main_task: Started on CPU0[0m
[0;32mI (742) main_task: Calling app_main()[0m
[0;32mI (762) wifi_app: STARTING WIFI APPLICATION[0m
[0;32mI (762) main_task: Returned from app_main()[0m
ADC Vref calibration data is not burned into eFuse.
Starting NTC103 task

=== Reading NTC103 ===
Temp 32.2
[0;32mI (772) wifi_init: rx ba win: 6[0m
[0;32mI (772) wifi_init: tcpip mbox: 32[0m
[0;32mI (772) wifi_init: udp mbox: 6[0m
[0;32mI (782) wifi_init: tcp mbox: 6[0m
[0;32mI (782) wifi_init: tcp tx win: 5744[0m
[0;32mI (782) wifi_init: tcp rx win: 5744[0m
[0;32mI (792) wifi_init: tcp mss: 1440[0m
[0;32mI (792) wifi_init: WiFi IRAM OP enabled[0m
[0;32mI (802) wifi_init: WiFi RX IRAM OP enabled[0m
[0;32mI (1512) phy_init: phy_version 4670,719f9f6,Feb 18 2021,17:07:07[0m
[0;32mI (1632) wifi_app: WIFI_EVENT_STA_START[0m
[0;32mI (1632) wifi_app: WIFI_APP_MSG_START_HTTP_SERVER[0m
[0;32mI (1632) http_server: http_server_configure: Starting server on port: '80' with task priority: '4'[0m
[0;32mI (1632) wifi_app: WIFI_EVENT_AP_START[0m
[0;32mI (1642) esp_netif_lwip: DHCP server started on interface WIFI_AP_DEF with IP: 192.168.0.1[0m
[0;32mI (1652) http_server: http_server_configure: Registering URI handlers[0m
=== Reading NTC103 ===
Temp 32.0
=== Reading NTC103 ===
Temp 32.0
=== Reading NTC103 ===
Temp 32.0
[0;32mI (13362) wifi_app: WIFI_EVENT_AP_STACONNECTED[0m
[0;32mI (13492) esp_netif_lwip: DHCP server assigned IP to a client, IP is: 192.168.0.2[0m
[0;32mI (13932) http_server: /ntcSensor.json requested[0m
=== Reading NTC103 ===
Temp 32.0
[0;32mI (18912) http_server: /ntcSensor.json requested[0m
[0;32mI (20352) http_server: /ntcSensor.json requested[0m
=== Reading NTC103 ===
Temp 32.1
[0;32mI (21172) http_server: index.html requested[0m
[0;32mI (21212) http_server: JQuery requested[0m
[0;32mI (21312) http_server: app.css requested[0m
[0;32mI (21322) http_server: app.js requested[0m
[0;32mI (21352) http_server: OTAstatus requested[0m
=== Reading NTC103 ===
Temp 28.7
[0;32mI (25152) http_server: index.html requested[0m
[0;32mI (25192) http_server: JQuery requested[0m
[0;32mI (25282) http_server: app.js requested[0m
[0;32mI (25302) http_server: app.css requested[0m
[0;32mI (25392) http_server: OTAstatus requested[0m
=== Reading NTC103 ===
Temp 32.1
[0;32mI (30412) http_server: /ntcSensor.json requested[0m
=== Reading NTC103 ===
Temp 32.1
[0;32mI (35412) http_server: /ntcSensor.json requested[0m
=== Reading NTC103 ===
Temp 32.1
[0;32mI (40412) http_server: /ntcSensor.json requested[0m
=== Reading NTC103 ===
Temp 32.0
=== Reading NTC103 ===
Temp 32.0
[0;32mI (45412) http_server: /ntcSensor.json requested[0m
=== Reading NTC103 ===
Temp 32.0
[0;32mI (50412) http_server: /ntcSensor.json requested[0m
=== Reading NTC103 ===
Temp 32.1
[0;32mI (55412) http_server: /ntcSensor.json requested[0m
=== Reading NTC103 ===
Temp 31.9
[0;32mI (60412) http_server: /ntcSensor.json requested[0m
=== Reading NTC103 ===
Temp 32.0
=== Reading NTC103 ===
Temp 32.0
[0;32mI (65412) http_server: /ntcSensor.json requested[0m
=== Reading NTC103 ===
Temp 28.2
[0;32mI (70412) http_server: /ntcSensor.json requested[0m
=== Reading NTC103 ===
Temp 26.7
[0;32mI (75412) http_server: /ntcSensor.json requested[0m
=== Reading NTC103 ===
Temp 25.9
[0;32mI (80412) http_server: /ntcSensor.json requested[0m
=== Reading NTC103 ===
Temp 25.4
=== Reading NTC103 ===
Temp 25.7
[0;32mI (85412) http_server: /ntcSensor.json requested[0m
=== Reading NTC103 ===
Temp 23.5
[0;32mI (90422) http_server: /ntcSensor.json requested[0m
=== Reading NTC103 ===
Temp 27.0
[0;32mI (95412) http_server: /ntcSensor.json requested[0m
=== Reading NTC103 ===
Temp 27.6
[0;32mI (100412) http_server: /ntcSensor.json requested[0m
=== Reading NTC103 ===
Temp 28.1
=== Reading NTC103 ===
Temp 28.6
[0;32mI (105412) http_server: /ntcSensor.json requested[0m
=== Reading NTC103 ===
Temp 29.0
[0;32mI (110412) http_server: /ntcSensor.json requested[0m
=== Reading NTC103 ===
Temp 29.4
[0;32mI (115412) http_server: /ntcSensor.json requested[0m
=== Reading NTC103 ===
Temp 29.6
[0;32mI (120412) http_server: /ntcSensor.json requested[0m
=== Reading NTC103 ===
Temp 29.9
=== Reading NTC103 ===
Temp 30.2
[0;32mI (125412) http_server: /ntcSensor.json requested[0m
=== Reading NTC103 ===
Temp 30.4
[0;32mI (130412) http_server: /ntcSensor.json requested[0m
=== Reading NTC103 ===
Temp 30.5
[0;32mI (135422) http_server: /ntcSensor.json requested[0m
=== Reading NTC103 ===
Temp 30.7
[0;32mI (140412) http_server: /ntcSensor.json requested[0m
=== Reading NTC103 ===
Temp 30.9
=== Reading NTC103 ===
Temp 31.0
[0;32mI (145412) http_server: /ntcSensor.json requested[0m
=== Reading NTC103 ===
Temp 31.2
[0;32mI (150412) http_server: /ntcSensor.json requested[0m
=== Reading NTC103 ===
Temp 28.6
[0;32mI (155422) http_server: /ntcSensor.json requested[0m
=== Reading NTC103 ===
Temp 31.3
[0;32mI (160422) http_server: /ntcSensor.json requested[0m
=== Reading NTC103 ===
Temp 31.4
=== Reading NTC103 ===
Temp 31.4
[0;32mI (165422) http_server: /ntcSensor.json requested[0m
=== Reading NTC103 ===
Temp 31.4
[0;32mI (170422) http_server: /ntcSensor.json requested[0m
=== Reading NTC103 ===
Temp 31.5
[0;32mI (175422) http_server: /ntcSensor.json requested[0m
=== Reading NTC103 ===
Temp 31.6
[0;32mI (180422) http_server: /ntcSensor.json requested[0m
=== Reading NTC103 ===
Temp 31.6
=== Reading NTC103 ===
Temp 31.6
[0;32mI (185422) http_server: /ntcSensor.json requested[0m
=== Reading NTC103 ===
Temp 31.7
[0;32mI (190422) http_server: /ntcSensor.json requested[0m
