ets Jun  8 2016 00'&&ï¿½ï¿½SHï¿½HHï¿½ï¿½ï¿½0x1 (POWERON_RESET),boot:0x13 (SPI_FAST_FLASH%==Qï¿½
configsip: 0, SPIWP:0xee
clk_drv:0x00,q_drv:0x00,d_drv:0x00,cs0_drv:0x00,hd_drv:0x00,wp_drv:0x00Cï¿½ë‹•ï¿½DIO, clock div:2
load:0x3fff0030,len:7132
ho 0 tail 12 room 4
ï¿½+ï¿½ï¿½0x40078000,len:15672
ho 0 tail 12 room 4
load:0x400ï¿½ï¿½ï¿½ï¿½bbï¿½ï¿½ï¿½4
load:0x40080404,len:3884
entry 0x40080650
[0;32mI (32) boot: ESP-IDF v5.2-dev-1349-gcf7e743a9b-dirty 2nd stage bootloader[0m
[0;32mI (32) boot: compile time Jul 17 2023 17:41:06[0m
[0;32mI (34) boot: Multicore bootloader[0m
[0;32mI (38) boot: chip revision: v1.0[0m
[0;32mI (42) boot.esp32: SPI Speed      : 40MHz[0m
[0;32mI (47) boot.esp32: SPI Mode       : DIO[0m
[0;32mI (51) boot.esp32: SPI Flash Size : 4MB[0m
[0;32mI (56) boot: Enabling RNG early entropy source...[0m
[0;32mI (61) boot: Partition Table:[0m
[0;32mI (65) boot: ## Label            Usage          Type ST Offset   Length[0m
[0;32mI (72) boot:  0 nvs              WiFi data        01 02 00009000 00004000[0m
[0;32mI (80) boot:  1 otadata          OTA data         01 00 0000d000 00002000[0m
[0;32mI (87) boot:  2 phy_init         RF data          01 01 0000f000 00001000[0m
[0;32mI (95) boot:  3 ota_0            OTA app          00 10 00010000 001f0000[0m
[0;32mI (102) boot:  4 ota_1            OTA app          00 11 00200000 001f0000[0m
[0;32mI (110) boot: End of partition table[0m
[0;32mI (114) boot: No factory image, trying OTA 0[0m
[0;32mI (119) esp_image: segment 0: paddr=00010020 vaddr=3f400020 size=6a984h (436612) map[0m
[0;32mI (285) esp_image: segment 1: paddr=0007a9ac vaddr=3ffb0000 size=03768h ( 14184) load[0m
[0;32mI (291) esp_image: segment 2: paddr=0007e11c vaddr=40080000 size=01efch (  7932) load[0m
[0;32mI (294) esp_image: segment 3: paddr=00080020 vaddr=400d0020 size=8d4b4h (578740) map[0m
[0;32mI (508) esp_image: segment 4: paddr=0010d4dc vaddr=40081efc size=13904h ( 80132) load[0m
[0;32mI (553) boot: Loaded app from partition at offset 0x10000[0m
[0;32mI (614) boot: Set actual ota_seq=1 in otadata[0][0m
[0;32mI (615) boot: Disabling RNG early entropy source...[0m
[0;32mI (625) cpu_start: Multicore app[0m
[0;32mI (626) cpu_start: Pro cpu up.[0m
[0;32mI (626) cpu_start: Starting app cpu, entry point is 0x400811f0[0m
[0;32mI (0) cpu_start: App cpu up.[0m
[0;32mI (644) cpu_start: Pro cpu start user code[0m
[0;32mI (644) cpu_start: cpu freq: 160000000 Hz[0m
[0;32mI (644) cpu_start: Application information:[0m
[0;32mI (648) cpu_start: Project name:     esp32-iot-application[0m
[0;32mI (655) cpu_start: App version:      1[0m
[0;32mI (659) cpu_start: Compile time:     Jul 17 2023 17:41:02[0m
[0;32mI (665) cpu_start: ELF file SHA256:  6e97d18c3...[0m
[0;32mI (670) cpu_start: ESP-IDF:          v5.2-dev-1349-gcf7e743a9b-dirty[0m
[0;32mI (677) cpu_start: Min chip rev:     v0.0[0m
[0;32mI (682) cpu_start: Max chip rev:     v3.99 [0m
[0;32mI (687) cpu_start: Chip rev:         v1.0[0m
[0;32mI (692) heap_init: Initializing. RAM available for dynamic allocation:[0m
[0;32mI (699) heap_init: At 3FFAE6E0 len 00001920 (6 KiB): DRAM[0m
[0;32mI (705) heap_init: At 3FFB78F0 len 00028710 (161 KiB): DRAM[0m
[0;32mI (711) heap_init: At 3FFE0440 len 00003AE0 (14 KiB): D/IRAM[0m
[0;32mI (718) heap_init: At 3FFE4350 len 0001BCB0 (111 KiB): D/IRAM[0m
[0;32mI (724) heap_init: At 40095800 len 0000A800 (42 KiB): IRAM[0m
[0;32mI (732) spi_flash: detected chip: generic[0m
[0;32mI (735) spi_flash: flash io: dio[0m
[0;33mW (739) ADC: legacy driver is deprecated, please migrate to `esp_adc/adc_oneshot.h`[0m
[0;32mI (748) app_start: Starting scheduler on CPU0[0m
[0;32mI (752) app_start: Starting scheduler on CPU1[0m
[0;32mI (752) main_task: Started on CPU0[0m
[0;32mI (762) main_task: Calling app_main()[0m
[0;32mI (782) wifi_app: STARTING WIFI APPLICATION[0m
[0;32mI (782) main_task: Returned from app_main()[0m
ADC Vref calibration data is not burned into eFuse.
Starting NTC103 task

=== Reading NTC103 ===
Temp -39.5
[0;32mI (792) wifi_init: rx ba win: 6[0m
[0;32mI (792) wifi_init: tcpip mbox: 32[0m
[0;32mI (792) wifi_init: udp mbox: 6[0m
[0;32mI (802) wifi_init: tcp mbox: 6[0m
[0;32mI (802) wifi_init: tcp tx win: 5744[0m
[0;32mI (802) wifi_init: tcp rx win: 5744[0m
[0;32mI (812) wifi_init: tcp mss: 1440[0m
[0;32mI (812) wifi_init: WiFi IRAM OP enabled[0m
[0;32mI (822) wifi_init: WiFi RX IRAM OP enabled[0m
[0;32mI (1532) phy_init: phy_version 4670,719f9f6,Feb 18 2021,17:07:07[0m
[0;32mI (1652) wifi_app: WIFI_EVENT_STA_START[0m
[0;32mI (1652) wifi_app: WIFI_APP_MSG_START_HTTP_SERVER[0m
[0;32mI (1652) http_server: http_server_configure: Starting server on port: '80' with task priority: '4'[0m
[0;32mI (1652) wifi_app: WIFI_EVENT_AP_START[0m
[0;32mI (1662) esp_netif_lwip: DHCP server started on interface WIFI_AP_DEF with IP: 192.168.0.1[0m
[0;32mI (1672) http_server: http_server_configure: Registering URI handlers[0m
=== Reading NTC103 ===
Temp -273.1
=== Reading NTC103 ===
Temp -273.1
=== Reading NTC103 ===
Temp -273.1
=== Reading NTC103 ===
Temp -273.1
=== Reading NTC103 ===
Temp -273.1
=== Reading NTC103 ===
Temp -273.1
=== Reading NTC103 ===
Temp -273.1
=== Reading NTC103 ===
Temp -273.1
=== Reading NTC103 ===
Temp -273.1
=== Reading NTC103 ===
Temp -273.1
=== Reading NTC103 ===
Temp -273.1
=== Reading NTC103 ===
Temp -273.1
=== Reading NTC103 ===
Temp -273.1
=== Reading NTC103 ===
Temp -273.1
=== Reading NTC103 ===
Temp -273.1
=== Reading NTC103 ===
Temp -273.1
=== Reading NTC103 ===
Temp -273.1
=== Reading NTC103 ===
Temp -273.1
=== Reading NTC103 ===
Temp -273.1
=== Reading NTC103 ===
Temp -273.1
=== Reading NTC103 ===
Temp -273.1
=== Reading NTC103 ===
Temp -273.1
=== Reading NTC103 ===
Temp -273.1
=== Reading NTC103 ===
Temp -273.1
=== Reading NTC103 ===
Temp -273.1
=== Reading NTC103 ===
Temp -273.1
=== Reading NTC103 ===
Temp -273.1
=== Reading NTC103 ===
Temp -273.1
