ï¿½wï¿½Jï¿½ï¿½ï¿½ï¿½ï¿½Lï¿½ï¿½ï¿½Òšï¿½ï¿½Hï¿½ï¿½ï¿½Ñºï¿½ï¿½ ï¿½ï¿½]ï¿½Rê½’Ñªï¿½ï¿½ï¿½ï¿½'ï¿½Eï¿½BZï¿½Ieï¿½ï¿½ï¿½%ï¿½ï¿½*ï¿½%=ï¿½ï¿½ï¿½ï¿½cï¿½kï¿½ï¿½sZiï¿½b *]P'Â•eï¿½ï¿½ï¿½ÍŸï¿½ï¿½iï¿½A0)ï¿½ï¿½ï¿½ï¿½ï¿½ï¿½ï¿½ï¿½Eï¿½vï¿½ï¿½ï¿½0ï¿½ï¿½ï¿½_ï¿½ï¿½ï¿½ï¿½ï¿½ï¿½ï¿½ï¿½ï¿½Eï¿½ï¿½ï¿½Aï¿½ï¿½ï¿½ï¿½ï¿½ï¿½ï¿½xï¿½*ï¿½ï¿½Õº4ï¿½1ï¿½,ï¿½ï¿½k"Å¶ï¿½j
ï¿½+ï¿½iï¿½ï¿½fï¿½ï¿½Ú°ï¿½kï¿½ï¿½3ï¿½2ï¿½!ï¿½ï¿½0ï¿½Wï¿½ï¿½L&ï¿½ï¿½ï¿½ï¿½ï¿½*ï¿½ï¿½Ñºï¿½ï¿½0ï¿½Âï¿½ï¿½YKï¿½Ê–ï¿½j
ï¿½ï¿½ï¿½ï¿½Ø‹1&Ò½oï¿½ï¿½ï¿½!ï¿½ï¿½d'ï¿½ï¿½0ï¿½ï¿½ï¿½ï¿½ï¿½ï¿½ï¿½ï¿½!ï¿½ï¿½ï¿½'ï¿½Q0ï¿½Â´ï¿½ï¿½Kï¿½i3Â¢ï¿½aï¿½ï¿½ï¿½ï¿½ï¿½ï¿½0ï¿½ï¿½ï¿½jï¿½[0;32mI (32) boot: ESP-IDF v5.2-dev-1349-gcf7e743a9b-dirty 2nd stage bootloader[0m
[0;32mI (32) boot: compile time Jul 17 2023 17:41:06[0m
[0;32mI (34) boot: Multicore bootloader[0m
[0;32mI (38) boot: chip revision: v1.0[0m
[0;32mI (42) boot.esp32: SPI Speed      : 40MHz[0m
[0;32mI (46) boot.esp32: SPI Mode       : DIO[0m
[0;32mI (51) boot.esp32: SPI Flash Size : 4MB[0m
[0;32mI (56) boot: Enabling RNG early entropy source...[0m
[0;32mI (61) boot: Partition Table:[0m
[0;32mI (64) boot: ## Label            Usage          Type ST Offset   Length[0m
[0;32mI (72) boot:  0 nvs              WiFi data        01 02 00009000 00004000[0m
[0;32mI (79) boot:  1 otadata          OTA data         01 00 0000d000 00002000[0m
[0;32mI (87) boot:  2 phy_init         RF data          01 01 0000f000 00001000[0m
[0;32mI (94) boot:  3 ota_0            OTA app          00 10 00010000 001f0000[0m
[0;32mI (102) boot:  4 ota_1            OTA app          00 11 00200000 001f0000[0m
[0;32mI (109) boot: End of partition table[0m
[0;32mI (114) boot: No factory image, trying OTA 0[0m
[0;32mI (118) esp_image: segment 0: paddr=00010020 vaddr=3f400020 size=6ac94h (437396) map[0m
[0;32mI (285) esp_image: segment 1: paddr=0007acbc vaddr=3ffb0000 size=03768h ( 14184) load[0m
[0;32mI (291) esp_image: segment 2: paddr=0007e42c vaddr=40080000 size=01bech (  7148) load[0m
[0;32mI (294) esp_image: segment 3: paddr=00080020 vaddr=400d0020 size=8d574h (578932) map[0m
[0;32mI (508) esp_image: segment 4: paddr=0010d59c vaddr=40081bec size=13c14h ( 80916) load[0m
[0;32mI (553) boot: Loaded app from partition at offset 0x10000[0m
[0;32mI (614) boot: Set actual ota_seq=1 in otadata[0][0m
[0;32mI (614) boot: Disabling RNG early entropy source...[0m
[0;32mI (625) cpu_start: Multicore app[0m
[0;32mI (625) cpu_start: Pro cpu up.[0m
[0;32mI (625) cpu_start: Starting app cpu, entry point is 0x400811f0[0m
[0;32mI (0) cpu_start: App cpu up.[0m
[0;32mI (643) cpu_start: Pro cpu start user code[0m
[0;32mI (643) cpu_start: cpu freq: 160000000 Hz[0m
[0;32mI (643) cpu_start: Application information:[0m
[0;32mI (648) cpu_start: Project name:     esp32-iot-application[0m
[0;32mI (654) cpu_start: App version:      1[0m
[0;32mI (658) cpu_start: Compile time:     Jul 17 2023 17:41:02[0m
[0;32mI (664) cpu_start: ELF file SHA256:  641f10536...[0m
[0;32mI (670) cpu_start: ESP-IDF:          v5.2-dev-1349-gcf7e743a9b-dirty[0m
[0;32mI (677) cpu_start: Min chip rev:     v0.0[0m
[0;32mI (682) cpu_start: Max chip rev:     v3.99 [0m
[0;32mI (686) cpu_start: Chip rev:         v1.0[0m
[0;32mI (691) heap_init: Initializing. RAM available for dynamic allocation:[0m
[0;32mI (698) heap_init: At 3FFAE6E0 len 00001920 (6 KiB): DRAM[0m
[0;32mI (704) heap_init: At 3FFB78F0 len 00028710 (161 KiB): DRAM[0m
[0;32mI (711) heap_init: At 3FFE0440 len 00003AE0 (14 KiB): D/IRAM[0m
[0;32mI (717) heap_init: At 3FFE4350 len 0001BCB0 (111 KiB): D/IRAM[0m
[0;32mI (723) heap_init: At 40095800 len 0000A800 (42 KiB): IRAM[0m
[0;32mI (731) spi_flash: detected chip: generic[0m
[0;32mI (734) spi_flash: flash io: dio[0m
[0;33mW (738) ADC: legacy driver is deprecated, please migrate to `esp_adc/adc_oneshot.h`[0m
[0;32mI (747) app_start: Starting scheduler on CPU0[0m
[0;32mI (752) app_start: Starting scheduler on CPU1[0m
[0;32mI (752) main_task: Started on CPU0[0m
[0;32mI (762) main_task: Calling app_main()[0m
[0;32mI (782) wifi_app: STARTING WIFI APPLICATION[0m
[0;32mI (782) main_task: Returned from app_main()[0m
ADC Vref calibration data is not burned into eFuse.
Starting NTC103 task

=== Reading NTC103 ===
Temp 32.7
[0;32mI (792) wifi_init: rx ba win: 6[0m
[0;32mI (792) wifi_init: tcpip mbox: 32[0m
[0;32mI (792) wifi_init: udp mbox: 6[0m
[0;32mI (802) wifi_init: tcp mbox: 6[0m
[0;32mI (802) wifi_init: tcp tx win: 5744[0m
[0;32mI (802) wifi_init: tcp rx win: 5744[0m
[0;32mI (812) wifi_init: tcp mss: 1440[0m
[0;32mI (812) wifi_init: WiFi IRAM OP enabled[0m
[0;32mI (822) wifi_init: WiFi RX IRAM OP enabled[0m
[0;32mI (1532) phy_init: phy_version 4670,719f9f6,Feb 18 2021,17:07:07[0m
[0;32mI (1652) wifi_app: WIFI_EVENT_STA_START[0m
[0;32mI (1652) wifi_app: WIFI_APP_MSG_START_HTTP_SERVER[0m
[0;32mI (1652) http_server: http_server_configure: Starting server on port: '80' with task priority: '4'[0m
[0;32mI (1652) wifi_app: WIFI_EVENT_AP_START[0m
[0;32mI (1662) esp_netif_lwip: DHCP server started on interface WIFI_AP_DEF with IP: 192.168.0.1[0m
[0;32mI (1672) http_server: http_server_configure: Registering URI handlers[0m
=== Reading NTC103 ===
Temp 32.3
=== Reading NTC103 ===
Temp 32.3
=== Reading NTC103 ===
Temp 32.4
[0;32mI (13602) wifi_app: WIFI_EVENT_AP_STACONNECTED[0m
[0;32mI (13622) esp_netif_lwip: DHCP server assigned IP to a client, IP is: 192.168.0.2[0m
=== Reading NTC103 ===
Temp 32.3
[0;32mI (17722) http_server: /ntcSensor.json requested[0m
[0;32mI (17732) http_server: /ntcSensor.json requested[0m
[0;32mI (17792) http_server: /ntcSensor.json requested[0m
=== Reading NTC103 ===
Temp 32.3
[0;32mI (22292) http_server: index.html requested[0m
[0;32mI (22342) http_server: JQuery requested[0m
[0;32mI (22482) http_server: app.css requested[0m
[0;32mI (22492) http_server: app.js requested[0m
[0;32mI (22572) http_server: OTAstatus requested[0m
=== Reading NTC103 ===
Temp 29.4
[0;32mI (27642) http_server: /ntcSensor.json requested[0m
=== Reading NTC103 ===
Temp 32.4
[0;32mI (32642) http_server: /ntcSensor.json requested[0m
=== Reading NTC103 ===
Temp 32.3
=== Reading NTC103 ===
Temp 32.3
[0;32mI (37642) http_server: /ntcSensor.json requested[0m
=== Reading NTC103 ===
Temp 32.3
[0;32mI (42632) http_server: /ntcSensor.json requested[0m
=== Reading NTC103 ===
Temp 32.3
[0;32mI (47642) http_server: /ntcSensor.json requested[0m
=== Reading NTC103 ===
Temp 32.3
[0;32mI (52642) http_server: /ntcSensor.json requested[0m
=== Reading NTC103 ===
Temp 32.3
=== Reading NTC103 ===
Temp 32.3
[0;32mI (57642) http_server: /ntcSensor.json requested[0m
=== Reading NTC103 ===
Temp 32.3
[0;32mI (62642) http_server: /ntcSensor.json requested[0m
=== Reading NTC103 ===
Temp 32.3
[0;32mI (67642) http_server: /ntcSensor.json requested[0m
=== Reading NTC103 ===
Temp 32.3
[0;32mI (72642) http_server: /ntcSensor.json requested[0m
=== Reading NTC103 ===
Temp 32.3
=== Reading NTC103 ===
Temp 32.2
[0;32mI (77642) http_server: /ntcSensor.json requested[0m
=== Reading NTC103 ===
Temp 32.2
[0;32mI (82642) http_server: /ntcSensor.json requested[0m
=== Reading NTC103 ===
Temp 32.2
[0;32mI (87642) http_server: /ntcSensor.json requested[0m
=== Reading NTC103 ===
Temp 28.5
[0;32mI (92642) http_server: /ntcSensor.json requested[0m
=== Reading NTC103 ===
Temp 32.2
=== Reading NTC103 ===
Temp 32.2
[0;32mI (97642) http_server: /ntcSensor.json requested[0m
=== Reading NTC103 ===
Temp 32.1
[0;32mI (102642) http_server: /ntcSensor.json requested[0m
=== Reading NTC103 ===
Temp 32.1
[0;32mI (107642) http_server: /ntcSensor.json requested[0m
=== Reading NTC103 ===
Temp 32.1
[0;32mI (112642) http_server: /ntcSensor.json requested[0m
=== Reading NTC103 ===
Temp 32.0
=== Reading NTC103 ===
Temp 32.1
[0;32mI (117652) http_server: /ntcSensor.json requested[0m
=== Reading NTC103 ===
Temp 32.1
[0;32mI (122642) http_server: /ntcSensor.json requested[0m
