eï¿½.Rï¿½ï¿½ ï¿½2ï¿½Lï¿½Âºï¿½ï¿½ï¿½ï¿½Hï¿½
r.ï¿½Â¸Lï¿½ï¿½jUIï¿½Nï¿½jï¿½Uï¿½ï¿½	ï¿½oï¿½ï¿½ï¿½ï¿½3ï¿½i%ï¿½FP*ï¿½e1Sï¿½%ï¿½OUï¿½È£ï¿½ï¿½ï¿½ï¿½sZi ï¿½	Aï¿½WÅ‚xï¿½ï¿½Hï¿½ï¿½d.ï¿½ï¿½ï¿½ï¿½ï¿½)ï¿½ï¿½.ï¿½ï¿½ï¿½ï¿½ï¿½ï¿½}ï¿½ï¿½ï¿½'ï¿½ï¿½0,ï¿½ï¿½ï¿½rï¿½'ï¿½ï¿½0,Kï¿½dï¿½ï¿½ï¿½ï¿½ï¿½ï¿½ï¿½}ï¿½rï¿½ï¿½ï¿½ï¿½0ï¿½!ï¿½Kï¿½:Tï¿½cï¿½kï¿½ï¿½dï¿½ï¿½!ï¿½+ï¿½:ï¿½ï¿½ffï¿½3ï¿½ï¿½ï¿½ï¿½i7L&ï¿½Hï¿½Aï¿½ï¿½ï¿½iï¿½ï¿½Ò ï¿½ï¿½ï¿½4ï¿½!ï¿½ï¿½:ï¿½Q0ï¿½ï¿½ï¿½bbï¿½ï¿½:ï¿½Mï¿½j
ï¿½0ï¿½7ï¿½ï¿½A1&ï¿½ï¿½ï¿½mï¿½ï¿½Hï¿½+ï¿½:ï¿½ï¿½0ï¿½ï¿½ï¿½bbï¿½ï¿½:ï¿½C!ï¿½+ï¿½i0ï¿½00ï¿½ï¿½Â´ï¿½ï¿½ï¿½i3Â¢*ï¿½Yï¿½ï¿½ï¿½ ï¿½ï¿½0ï¿½ï¿½ï¿½ï¿½j
[0;32mI (32) boot: ESP-IDF v5.2-dev-1349-gcf7e743a9b-dirty 2nd stage bootloader[0m
[0;32mI (32) boot: compile time Jul 17 2023 17:41:06[0m
[0;32mI (34) boot: Multicore bootloader[0m
[0;32mI (38) boot: chip revision: v1.0[0m
[0;32mI (42) boot.esp32: SPI Speed      : 40MHz[0m
[0;32mI (47) boot.esp32: SPI Mode       : DIO[0m
[0;32mI (51) boot.esp32: SPI Flash Size : 4MB[0m
[0;32mI (56) boot: Enabling RNG early entropy source...[0m
[0;32mI (61) boot: Partition Table:[0m
[0;32mI (65) boot: ## Label            Usage          Type ST Offset   Length[0m
[0;32mI (72) boot:  0 nvs              WiFi data        01 02 00009000 00004000[0m
[0;32mI (79) boot:  1 otadata          OTA data         01 00 0000d000 00002000[0m
[0;32mI (87) boot:  2 phy_init         RF data          01 01 0000f000 00001000[0m
[0;32mI (94) boot:  3 ota_0            OTA app          00 10 00010000 001f0000[0m
[0;32mI (102) boot:  4 ota_1            OTA app          00 11 00200000 001f0000[0m
[0;32mI (109) boot: End of partition table[0m
[0;32mI (114) boot: No factory image, trying OTA 0[0m
[0;32mI (118) esp_image: segment 0: paddr=00010020 vaddr=3f400020 size=6bce4h (441572) map[0m
[0;32mI (286) esp_image: segment 1: paddr=0007bd0c vaddr=3ffb0000 size=03768h ( 14184) load[0m
[0;32mI (292) esp_image: segment 2: paddr=0007f47c vaddr=40080000 size=00b9ch (  2972) load[0m
[0;32mI (294) esp_image: segment 3: paddr=00080020 vaddr=400d0020 size=8dae8h (580328) map[0m
[0;32mI (510) esp_image: segment 4: paddr=0010db10 vaddr=40080b9c size=14c64h ( 85092) load[0m
[0;32mI (557) boot: Loaded app from partition at offset 0x10000[0m
[0;32mI (617) boot: Set actual ota_seq=1 in otadata[0][0m
[0;32mI (617) boot: Disabling RNG early entropy source...[0m
[0;32mI (628) cpu_start: Multicore app[0m
[0;32mI (629) cpu_start: Pro cpu up.[0m
[0;32mI (629) cpu_start: Starting app cpu, entry point is 0x400811f0[0m
[0;32mI (0) cpu_start: App cpu up.[0m
[0;32mI (646) cpu_start: Pro cpu start user code[0m
[0;32mI (647) cpu_start: cpu freq: 160000000 Hz[0m
[0;32mI (647) cpu_start: Application information:[0m
[0;32mI (651) cpu_start: Project name:     esp32-iot-application[0m
[0;32mI (657) cpu_start: App version:      1[0m
[0;32mI (662) cpu_start: Compile time:     Jul 20 2023 21:57:58[0m
[0;32mI (668) cpu_start: ELF file SHA256:  784cc3185...[0m
[0;32mI (673) cpu_start: ESP-IDF:          v5.2-dev-1349-gcf7e743a9b-dirty[0m
[0;32mI (680) cpu_start: Min chip rev:     v0.0[0m
[0;32mI (685) cpu_start: Max chip rev:     v3.99 [0m
[0;32mI (690) cpu_start: Chip rev:         v1.0[0m
[0;32mI (695) heap_init: Initializing. RAM available for dynamic allocation:[0m
[0;32mI (702) heap_init: At 3FFAE6E0 len 00001920 (6 KiB): DRAM[0m
[0;32mI (708) heap_init: At 3FFB7900 len 00028700 (161 KiB): DRAM[0m
[0;32mI (714) heap_init: At 3FFE0440 len 00003AE0 (14 KiB): D/IRAM[0m
[0;32mI (720) heap_init: At 3FFE4350 len 0001BCB0 (111 KiB): D/IRAM[0m
[0;32mI (727) heap_init: At 40095800 len 0000A800 (42 KiB): IRAM[0m
[0;32mI (735) spi_flash: detected chip: generic[0m
[0;32mI (738) spi_flash: flash io: dio[0m
[0;33mW (742) ADC: legacy driver is deprecated, please migrate to `esp_adc/adc_oneshot.h`[0m
[0;32mI (751) app_start: Starting scheduler on CPU0[0m
[0;32mI (755) app_start: Starting scheduler on CPU1[0m
[0;32mI (755) main_task: Started on CPU0[0m
[0;32mI (765) main_task: Calling app_main()[0m
[0;32mI (785) wifi_app: STARTING WIFI APPLICATION[0m
[0;32mI (785) main_task: Returned from app_main()[0m
ADC Vref calibration data is not burned into eFuse.
Starting NTC103 task

=== Reading NTC103 ===
Temp 34.7
[0;32mI (795) wifi_init: rx ba win: 6[0m
[0;32mI (795) wifi_init: tcpip mbox: 32[0m
[0;32mI (795) wifi_init: udp mbox: 6[0m
[0;32mI (805) wifi_init: tcp mbox: 6[0m
[0;32mI (805) wifi_init: tcp tx win: 5744[0m
[0;32mI (805) wifi_init: tcp rx win: 5744[0m
[0;32mI (815) wifi_init: tcp mss: 1440[0m
[0;32mI (815) wifi_init: WiFi IRAM OP enabled[0m
[0;32mI (825) wifi_init: WiFi RX IRAM OP enabled[0m
[0;32mI (1535) phy_init: phy_version 4670,719f9f6,Feb 18 2021,17:07:07[0m
[0;32mI (1655) wifi_app: WIFI_EVENT_STA_START[0m
[0;32mI (1655) wifi_app: WIFI_APP_MSG_START_HTTP_SERVER[0m
[0;32mI (1655) http_server: http_server_configure: Starting server on port: '80' with task priority: '4'[0m
[0;32mI (1655) wifi_app: WIFI_EVENT_AP_START[0m
[0;32mI (1675) esp_netif_lwip: DHCP server started on interface WIFI_AP_DEF with IP: 192.168.0.1[0m
[0;32mI (1675) http_server: http_server_configure: Registering URI handlers[0m
=== Reading NTC103 ===
Temp 34.4
=== Reading NTC103 ===
Temp 34.4
=== Reading NTC103 ===
Temp 34.4
=== Reading NTC103 ===
Temp 34.4
[0;32mI (18005) wifi_app: WIFI_EVENT_AP_STACONNECTED[0m
[0;32mI (18115) esp_netif_lwip: DHCP server assigned IP to a client, IP is: 192.168.0.2[0m
=== Reading NTC103 ===
Temp 34.3
=== Reading NTC103 ===
Temp 34.3
[0;32mI (24875) http_server: index.html requested[0m
[0;32mI (24915) http_server: JQuery requested[0m
[0;32mI (25015) http_server: app.js requested[0m
[0;32mI (25035) http_server: app.css requested[0m
=== Reading NTC103 ===
Temp 34.4
=== Reading NTC103 ===
Temp 34.3
=== Reading NTC103 ===
Temp 34.4
