ï¿½WAï¿½]Â &Ê¶ï¿½ï¿½ï¿½ï¿½ï¿½ï¿½ï¿½Hï¿½
ï¿½.ï¿½ï¿½ï¿½ï¿½ ï¿½ï¿½ï¿½Åªï¿½}ï¿½ï¿½*ï¿½)ï¿½ï¿½Wï¿½ï¿½L&BAï¿½ï¿½Tï¿½ï¿½eï¿½ï¿½*ï¿½%ï¿½OUï¿½ï¿½coKï¿½gï¿½ï¿½ 0	ï¿½Aï¿½Wï¿½ï¿½xYï¿½ï¿½clï¿½Eï¿½ï¿½:ï¿½A0ï¿½ï¿½ï¿½vï¿½ï¿½ï¿½ï¿½ï¿½}ï¿½ï¿½ï¿½'ï¿½ï¿½0ï¿½ï¿½Aï¿½Ùºï¿½Aï¿½ï¿½ï¿½_ï¿½:ï¿½A0iï¿½_ï¿½:ï¿½A0Cï¿½ï¿½e'Tï¿½1 ,ï¿½kï¿½ Vï¿½ï¿½2!ï¿½+ï¿½:ï¿½Mfï¿½ï¿½ï¿½ï¿½ï¿½ï¿½ï¿½ï¿½7ï¿½ï¿½*ï¿½ï¿½ï¿½ï¿½ï¿½Ø‹ï¿½1ï¿½ï¿½ï¿½ï¿½mï¿½ï¿½Hï¿½+Ñºï¿½qï¿½ï¿½Â°ï¿½ï¿½ï¿½YKï¿½ï¿½ï¿½ï¿½j
ï¿½ï¿½d'ï¿½ï¿½00ï¿½ï¿½0bbï¿½ï¿½:SHï¿½ï¿½ ï¿½ï¿½ï¿½lï¿½rï¿½ï¿½ï¿½ï¿½ï¿½+ï¿½:ï¿½ï¿½0ï¿½ï¿½Â°ï¿½ï¿½nï¿½&Â´Cï¿½Ö‹ï¿½yï¿½ï¿½Ñ°ï¿½Â¶M*ï¿½[0;32mI (32) boot: ESP-IDF v5.2-dev-2317-g3247253671 2nd stage bootloader[0m
[0;32mI (32) boot: compile time Aug 22 2023 17:13:31[0m
[0;32mI (33) boot: Multicore bootloader[0m
[0;32mI (37) boot: chip revision: v1.0[0m
[0;32mI (41) boot.esp32: SPI Speed      : 40MHz[0m
[0;32mI (46) boot.esp32: SPI Mode       : DIO[0m
[0;32mI (50) boot.esp32: SPI Flash Size : 4MB[0m
[0;32mI (55) boot: Enabling RNG early entropy source...[0m
[0;32mI (60) boot: Partition Table:[0m
[0;32mI (64) boot: ## Label            Usage          Type ST Offset   Length[0m
[0;32mI (71) boot:  0 nvs              WiFi data        01 02 00009000 00004000[0m
[0;32mI (79) boot:  1 otadata          OTA data         01 00 0000d000 00002000[0m
[0;32mI (86) boot:  2 phy_init         RF data          01 01 0000f000 00001000[0m
[0;32mI (94) boot:  3 ota_0            OTA app          00 10 00010000 001f0000[0m
[0;32mI (101) boot:  4 ota_1            OTA app          00 11 00200000 001f0000[0m
[0;32mI (109) boot: End of partition table[0m
[0;32mI (113) boot: No factory image, trying OTA 0[0m
[0;32mI (118) esp_image: segment 0: paddr=00010020 vaddr=3f400020 size=78ae0h (494304) map[0m
[0;32mI (305) esp_image: segment 1: paddr=00088b08 vaddr=3ffb0000 size=0388ch ( 14476) load[0m
[0;32mI (311) esp_image: segment 2: paddr=0008c39c vaddr=40080000 size=03c7ch ( 15484) load[0m
[0;32mI (318) esp_image: segment 3: paddr=00090020 vaddr=400d0020 size=a941ch (693276) map[0m
[0;32mI (569) esp_image: segment 4: paddr=00139444 vaddr=40083c7c size=12214h ( 74260) load[0m
[0;32mI (611) boot: Loaded app from partition at offset 0x10000[0m
[0;32mI (673) boot: Set actual ota_seq=1 in otadata[0][0m
[0;32mI (673) boot: Disabling RNG early entropy source...[0m
[0;32mI (684) cpu_start: Multicore app[0m
[0;32mI (684) cpu_start: Pro cpu up.[0m
[0;32mI (684) cpu_start: Starting app cpu, entry point is 0x400811f8[0m
[0;32mI (0) cpu_start: App cpu up.[0m
[0;32mI (702) cpu_start: Pro cpu start user code[0m
[0;32mI (702) cpu_start: cpu freq: 160000000 Hz[0m
[0;32mI (702) cpu_start: Application information:[0m
[0;32mI (707) cpu_start: Project name:     esp32-iot-application[0m
[0;32mI (713) cpu_start: App version:      b3c1a90-dirty[0m
[0;32mI (718) cpu_start: Compile time:     Aug 26 2023 15:08:06[0m
[0;32mI (724) cpu_start: ELF file SHA256:  9e87593d5...[0m
[0;32mI (730) cpu_start: ESP-IDF:          v5.2-dev-2317-g3247253671[0m
[0;32mI (736) cpu_start: Min chip rev:     v0.0[0m
[0;32mI (741) cpu_start: Max chip rev:     v3.99 [0m
[0;32mI (746) cpu_start: Chip rev:         v1.0[0m
[0;32mI (751) heap_init: Initializing. RAM available for dynamic allocation:[0m
[0;32mI (758) heap_init: At 3FFAE6E0 len 00001920 (6 KiB): DRAM[0m
[0;32mI (764) heap_init: At 3FFB8AC8 len 00027538 (157 KiB): DRAM[0m
[0;32mI (770) heap_init: At 3FFE0440 len 00003AE0 (14 KiB): D/IRAM[0m
[0;32mI (776) heap_init: At 3FFE4350 len 0001BCB0 (111 KiB): D/IRAM[0m
[0;32mI (783) heap_init: At 40095E90 len 0000A170 (40 KiB): IRAM[0m
[0;32mI (791) spi_flash: detected chip: generic[0m
[0;32mI (794) spi_flash: flash io: dio[0m
[0;33mW (798) ADC: legacy driver is deprecated, please migrate to `esp_adc/adc_oneshot.h`[0m
[0;32mI (807) app_start: Starting scheduler on CPU0[0m
[0;32mI (811) app_start: Starting scheduler on CPU1[0m
[0;32mI (811) main_task: Started on CPU0[0m
[0;32mI (821) main_task: Calling app_main()[0m
[0;32mI (831) wifi_app: STARTING WIFI APPLICATION[0m
[0;32mI (841) main_task: Returned from app_main()[0m
ADC Vref calibration data is not burned into eFuse.
Starting NTC103 task

=== Reading NTC103 ===
Temp -273.1
[0;32mI (851) wifi_init: rx ba win: 6[0m
[0;32mI (851) wifi_init: tcpip mbox: 32[0m
[0;32mI (851) wifi_init: udp mbox: 6[0m
[0;32mI (861) wifi_init: tcp mbox: 6[0m
[0;32mI (861) wifi_init: tcp tx win: 5744[0m
[0;32mI (871) wifi_init: tcp rx win: 5744[0m
[0;32mI (871) wifi_init: tcp mss: 1440[0m
[0;32mI (871) wifi_init: WiFi IRAM OP enabled[0m
[0;32mI (881) wifi_init: WiFi RX IRAM OP enabled[0m
[0;32mI (2051) phy_init: phy_version 4771,450c73b,Aug 16 2023,11:03:10[0m
[0;32mI (2131) wifi_app: WIFI_EVENT_STA_START[0m
[0;32mI (2141) wifi_app: WIFI_APP_MSG_LOAD_SAVED_CREDENTIALS[0m
[0;32mI (2141) nvs: app_nvs_load_sta_creds: Loading Wifi credentials from flash[0m
[0;32mI (2141) wifi_app: WIFI_EVENT_AP_START[0m
[0;32mI (2151) esp_netif_lwip: DHCP server started on interface WIFI_AP_DEF with IP: 192.168.1.1[0m
app_nvs_load_sta_creds: SSID: Ferreiro Password: 939454321
[0;32mI (2161) wifi_app: Loaded station configuration[0m
[0;32mI (2171) wifi_app: WIFI_APP_MSG_START_HTTP_SERVER[0m
[0;32mI (2171) http_server: http_server_configure: Starting server on port: '80' with task priority: '4'[0m
[0;32mI (3341) http_server: http_server_configure: Registering URI handlers[0m
[0;32mI (3371) wifi_app: WIFI_EVENT_STA_CONNECTED[0m
[0;32mI (4371) wifi_app: IP_EVENT_STA_GOT_IP[0m
[0;32mI (4371) esp_netif_handlers: sta ip: 192.168.1.79, mask: 255.255.255.0, gw: 192.168.1.1[0m
[0;32mI (4371) wifi_app: WIFI_APP_MSG_STA_CONNECT_GOT_IP[0m
[0;32mI (4371) main: Wifi application connected!![0m
[0;32mI (4381) http_server: HTTP_MSG_WIFI_CONNECT_SUCCESS[0m
[0;32mI (4381) coreMQTT: Establishing a TLS session to a3v8wtvg6mnton-ats.iot.sa-east-1.amazonaws.com:8883.[0m
[0;32mI (4381) sntp_time_sync: Initializing the SNTP service[0m
[0;32mI (4401) http_server: HTTP_MSG_TIME_SERVICE_INITIALIZED[0m
=== Reading NTC103 ===
Temp -273.1
[0;32mI (5801) coreMQTT: MQTT connection established with the broker.[0m
[0;32mI (5801) coreMQTT: MQTT connection successfully established with broker.

[0m
[0;32mI (5811) coreMQTT: A clean MQTT connection is established. Cleaning up all the stored outgoing publishes.

[0m
[0;32mI (5821) coreMQTT: Subscribing to the MQTT topic test_topic/esp32.[0m
[0;32mI (5831) coreMQTT: SUBSCRIBE sent for topic test_topic/esp32 to broker.

[0m
[0;32mI (5901) coreMQTT: Subscribed to the topic test_topic/esp32. with maximum QoS 1.

[0m
[0;32mI (5901) coreMQTT: Sending Publish to the MQTT topic test_topic/esp32.[0m
[0;32mI (5911) coreMQTT: PUBLISH sent for topic test_topic/esp32 to broker with packet ID 2.

[0m
[0;32mI (6011) coreMQTT: Ack packet deserialized with result: MQTTSuccess.[0m
[0;32mI (6011) coreMQTT: State record updated. New state=MQTTPublishDone.[0m
[0;32mI (6011) coreMQTT: PUBACK received for packet id 2.

[0m
[0;32mI (6021) coreMQTT: Cleaned up outgoing publish packet with packet id 2.

[0m
[0;32mI (6041) coreMQTT: De-serialized incoming PUBLISH packet: DeserializerResult=MQTTSuccess.[0m
[0;32mI (6041) coreMQTT: State record updated. New state=MQTTPubAckSend.[0m
[0;32mI (6041) coreMQTT: Incoming QOS : 1.[0m
[0;32mI (6051) coreMQTT: Incoming Publish Topic Name: test_topic/esp32 matches subscribed topic.
Incoming Publish message Packet Id is 1.
Incoming Publish Message : WiFi RSSI : -40.

[0m
=== Reading NTC103 ===
Temp -273.1
[0;32mI (11071) coreMQTT: Delay before continuing to next iteration.

[0m
=== Reading NTC103 ===
Temp -273.1
=== Reading NTC103 ===
Temp -273.1
[0;32mI (21071) coreMQTT: Sending Publish to the MQTT topic test_topic/esp32.[0m
[0;32mI (21081) coreMQTT: PUBLISH sent for topic test_topic/esp32 to broker with packet ID 3.

[0m
[0;32mI (21131) coreMQTT: Ack packet deserialized with result: MQTTSuccess.[0m
[0;32mI (21131) coreMQTT: State record updated. New state=MQTTPublishDone.[0m
[0;32mI (21131) coreMQTT: PUBACK received for packet id 3.

[0m
[0;32mI (21141) coreMQTT: Cleaned up outgoing publish packet with packet id 3.

[0m
[0;32mI (21151) coreMQTT: De-serialized incoming PUBLISH packet: DeserializerResult=MQTTSuccess.[0m
[0;32mI (21151) coreMQTT: State record updated. New state=MQTTPubAckSend.[0m
[0;32mI (21161) coreMQTT: Incoming QOS : 1.[0m
[0;32mI (21171) coreMQTT: Incoming Publish Topic Name: test_topic/esp32 matches subscribed topic.
Incoming Publish message Packet Id is 1.
Incoming Publish Message : WiFi RSSI : -41.

[0m
