eï¿½.Õ®ï¿½8ï¿½ï¿½ï¿½ï¿½ï¿½ï¿½ï¿½ï¿½SHÈŠï¿½Ñºï¿½Eï¿½	uï¿½ï¿½ï¿½Ê½ï¿½ï¿½Jï¿½ï¿½bï¿½ï¿½ï¿½ï¿½xï¿½&ï¿½ï¿½U}ï¿½ï¿½*ï¿½eï¿½ï¿½
ï¿½%=ï¿½Tï¿½#ï¿½ï¿½ï¿½Vï¿½ï¿½ï¿½i ï¿½	Zï¿½ï¿½ï¿½ï¿½ï¿½ï¿½ï¿½ï¿½ï¿½kï¿½ï¿½.ï¿½ï¿½ï¿½ï¿½,ï¿½ï¿½'ï¿½Aï¿½	ï¿½dï¿½ï¿½Â¸ï¿½,ï¿½ï¿½ï¿½Vï¿½ï¿½ï¿½Aï¿½	Ñ¿ï¿½ï¿½ï¿½ï¿½a0ï¿½ï¿½dï¿½ï¿½Â¸ï¿½aï¿½ï¿½:ï¿½ï¿½ï¿½ï¿½ï¿½ï¿½Í»ï¿½ï¿½vï¿½ï¿½Hlï¿½(ï¿½ï¿½ï¿½&Æ™ï¿½Úï¿½ï¿½nï¿½SÚ’C!ï¿½ï¿½ï¿½ï¿½ï¿½Ê’ï¿½ï¿½oï¿½ï¿½ï¿½ï¿½ï¿½dï¿½ï¿½q0ï¿½Âbï¿½Õ¾ï¿½ï¿½7ï¿½:
ï¿½ï¿½ï¿½'ï¿½ï¿½0Â°ï¿½ï¿½+ÙšSHhï¿½ï¿½ ï¿½X:ï¿½ï¿½ï¿½ï¿½ï¿½ï¿½4C!ï¿½ï¿½dï¿½ï¿½qï¿½ï¿½0ï¿½ï¿½lYï¿½ï¿½8ï¿½ï¿½Heï¿½ï¿½ï¿½ï¿½a0ï¿½ï¿½6Mj
[0;32mI (31) boot: ESP-IDF v5.2-dev-2317-g3247253671 2nd stage bootloader[0m
[0;32mI (31) boot: compile time Aug 22 2023 17:13:31[0m
[0;32mI (33) boot: Multicore bootloader[0m
[0;32mI (37) boot: chip revision: v1.0[0m
[0;32mI (41) boot.esp32: SPI Speed      : 40MHz[0m
[0;32mI (46) boot.esp32: SPI Mode       : DIO[0m
[0;32mI (50) boot.esp32: SPI Flash Size : 4MB[0m
[0;32mI (55) boot: Enabling RNG early entropy source...[0m
[0;32mI (60) boot: Partition Table:[0m
[0;32mI (64) boot: ## Label            Usage          Type ST Offset   Length[0m
[0;32mI (71) boot:  0 nvs              WiFi data        01 02 00009000 00004000[0m
[0;32mI (78) boot:  1 otadata          OTA data         01 00 0000d000 00002000[0m
[0;32mI (86) boot:  2 phy_init         RF data          01 01 0000f000 00001000[0m
[0;32mI (93) boot:  3 ota_0            OTA app          00 10 00010000 001f0000[0m
[0;32mI (101) boot:  4 ota_1            OTA app          00 11 00200000 001f0000[0m
[0;32mI (108) boot: End of partition table[0m
[0;32mI (113) boot: No factory image, trying OTA 0[0m
[0;32mI (118) esp_image: segment 0: paddr=00010020 vaddr=3f400020 size=6fed0h (458448) map[0m
[0;32mI (292) esp_image: segment 1: paddr=0007fef8 vaddr=3ffb0000 size=00120h (   288) load[0m
[0;32mI (292) esp_image: segment 2: paddr=00080020 vaddr=400d0020 size=96454h (615508) map[0m
[0;32mI (520) esp_image: segment 3: paddr=0011647c vaddr=3ffb0120 size=0370ch ( 14092) load[0m
[0;32mI (525) esp_image: segment 4: paddr=00119b90 vaddr=40080000 size=15e90h ( 89744) load[0m
[0;32mI (574) boot: Loaded app from partition at offset 0x10000[0m
[0;32mI (636) boot: Set actual ota_seq=1 in otadata[0][0m
[0;32mI (636) boot: Disabling RNG early entropy source...[0m
[0;32mI (646) cpu_start: Multicore app[0m
[0;32mI (647) cpu_start: Pro cpu up.[0m
[0;32mI (647) cpu_start: Starting app cpu, entry point is 0x400811f8[0m
[0;32mI (0) cpu_start: App cpu up.[0m
[0;32mI (665) cpu_start: Pro cpu start user code[0m
[0;32mI (665) cpu_start: cpu freq: 160000000 Hz[0m
[0;32mI (665) cpu_start: Application information:[0m
[0;32mI (670) cpu_start: Project name:     esp32-iot-application[0m
[0;32mI (676) cpu_start: App version:      b3c1a90-dirty[0m
[0;32mI (681) cpu_start: Compile time:     Aug 23 2023 16:27:22[0m
[0;32mI (687) cpu_start: ELF file SHA256:  097495fcc...[0m
[0;32mI (693) cpu_start: ESP-IDF:          v5.2-dev-2317-g3247253671[0m
[0;32mI (699) cpu_start: Min chip rev:     v0.0[0m
[0;32mI (704) cpu_start: Max chip rev:     v3.99 [0m
[0;32mI (709) cpu_start: Chip rev:         v1.0[0m
[0;32mI (714) heap_init: Initializing. RAM available for dynamic allocation:[0m
[0;32mI (721) heap_init: At 3FFAE6E0 len 00001920 (6 KiB): DRAM[0m
[0;32mI (727) heap_init: At 3FFB7F80 len 00028080 (160 KiB): DRAM[0m
[0;32mI (733) heap_init: At 3FFE0440 len 00003AE0 (14 KiB): D/IRAM[0m
[0;32mI (739) heap_init: At 3FFE4350 len 0001BCB0 (111 KiB): D/IRAM[0m
[0;32mI (746) heap_init: At 40095E90 len 0000A170 (40 KiB): IRAM[0m
[0;32mI (753) spi_flash: detected chip: generic[0m
[0;32mI (757) spi_flash: flash io: dio[0m
[0;33mW (761) ADC: legacy driver is deprecated, please migrate to `esp_adc/adc_oneshot.h`[0m
[0;32mI (769) app_start: Starting scheduler on CPU0[0m
[0;32mI (774) app_start: Starting scheduler on CPU1[0m
[0;32mI (774) main_task: Started on CPU0[0m
[0;32mI (784) main_task: Calling app_main()[0m
[0;32mI (794) wifi_app: STARTING WIFI APPLICATION[0m
[0;32mI (804) main_task: Returned from app_main()[0m
ADC Vref calibration data is not burned into eFuse.
Starting NTC103 task

=== Reading NTC103 ===
Temp -273.1
[0;32mI (814) wifi_init: rx ba win: 6[0m
[0;32mI (814) wifi_init: tcpip mbox: 32[0m
[0;32mI (814) wifi_init: udp mbox: 6[0m
[0;32mI (824) wifi_init: tcp mbox: 6[0m
[0;32mI (824) wifi_init: tcp tx win: 5744[0m
[0;32mI (834) wifi_init: tcp rx win: 5744[0m
[0;32mI (834) wifi_init: tcp mss: 1440[0m
[0;32mI (834) wifi_init: WiFi IRAM OP enabled[0m
[0;32mI (844) wifi_init: WiFi RX IRAM OP enabled[0m
[0;32mI (2014) phy_init: phy_version 4771,450c73b,Aug 16 2023,11:03:10[0m
[0;32mI (2104) wifi_app: WIFI_EVENT_STA_START[0m
[0;32mI (2104) wifi_app: WIFI_APP_MSG_LOAD_SAVED_CREDENTIALS[0m
[0;32mI (2104) nvs: app_nvs_load_sta_creds: Loading Wifi credentials from flash[0m
[0;32mI (2104) wifi_app: WIFI_EVENT_AP_START[0m
[0;32mI (2114) esp_netif_lwip: DHCP server started on interface WIFI_AP_DEF with IP: 192.168.1.1[0m
app_nvs_load_sta_creds: SSID: Ferreiro Password: 939454321
[0;32mI (2124) wifi_app: Loaded station configuration[0m
[0;32mI (2134) wifi_app: WIFI_APP_MSG_START_HTTP_SERVER[0m
[0;32mI (2134) http_server: http_server_configure: Starting server on port: '80' with task priority: '4'[0m
[0;32mI (2144) http_server: http_server_configure: Registering URI handlers[0m
[0;32mI (4094) wifi_app: WIFI_EVENT_STA_CONNECTED[0m
=== Reading NTC103 ===
Temp -273.1
[0;32mI (5094) wifi_app: IP_EVENT_STA_GOT_IP[0m
[0;32mI (5094) esp_netif_handlers: sta ip: 192.168.1.79, mask: 255.255.255.0, gw: 192.168.1.1[0m
[0;32mI (5094) wifi_app: WIFI_APP_MSG_STA_CONNECT_GOT_IP[0m
[0;32mI (5094) main: Wifi application connected!![0m
[0;32mI (5104) http_server: HTTP_MSG_WIFI_CONNECT_SUCCESS[0m
[0;32mI (5104) sntp_time_sync: Initializing the SNTP service[0m
[0;32mI (5114) http_server: HTTP_MSG_TIME_SERVICE_INITIALIZED[0m
=== Reading NTC103 ===
Temp -273.1
[0;32mI (10494) wifi_app: WIFI_EVENT_AP_STACONNECTED[0m
[0;32mI (11214) http_server: /localTime.json requested[0m
[0;32mI (11214) sntp_time_sync: Current time info: 23.08.2023 16:28:43[0m
[0;32mI (11224) http_server: /ntcSensor.json requested[0m
[0;32mI (11234) http_server: /localTime.json requested[0m
[0;32mI (11234) sntp_time_sync: Current time info: 23.08.2023 16:28:43[0m
[0;32mI (12534) esp_netif_lwip: DHCP server assigned IP to a client, IP is: 192.168.1.2[0m
=== Reading NTC103 ===
Temp -273.1
[0;32mI (15914) http_server: /ntcSensor.json requested[0m
=== Reading NTC103 ===
Temp -273.1
[0;32mI (20764) http_server: /localTime.json requested[0m
[0;32mI (20764) sntp_time_sync: Current time info: 23.08.2023 16:28:52[0m
=== Reading NTC103 ===
Temp -273.1
[0;32mI (20914) http_server: /ntcSensor.json requested[0m
=== Reading NTC103 ===
Temp -273.1
[0;32mI (25924) http_server: /ntcSensor.json requested[0m
=== Reading NTC103 ===
Temp -273.1
[0;32mI (30764) http_server: /localTime.json requested[0m
[0;32mI (30764) sntp_time_sync: Current time info: 23.08.2023 16:29:02[0m
[0;32mI (30914) http_server: /ntcSensor.json requested[0m
=== Reading NTC103 ===
Temp -273.1
[0;32mI (35924) http_server: /ntcSensor.json requested[0m
=== Reading NTC103 ===
Temp -273.1
[0;32mI (40764) http_server: /localTime.json requested[0m
[0;32mI (40764) sntp_time_sync: Current time info: 23.08.2023 16:29:12[0m
=== Reading NTC103 ===
Temp -273.1
[0;32mI (40914) http_server: /ntcSensor.json requested[0m
[0;32mI (42874) http_server: index.html requested[0m
[0;32mI (42924) http_server: app.css requested[0m
[0;32mI (42934) http_server: JQuery requested[0m
[0;32mI (43084) http_server: app.js requested[0m
[0;32mI (43184) http_server: /apSSID.json requested[0m
[0;32mI (43194) http_server: OTAstatus requested[0m
[0;32mI (43224) http_server: /wifiConnectInfo.json requested[0m
=== Reading NTC103 ===
Temp -273.1
[0;32mI (48224) http_server: /ntcSensor.json requested[0m
=== Reading NTC103 ===
Temp -273.1
=== Reading NTC103 ===
Temp -273.1
[0;32mI (53224) http_server: /ntcSensor.json requested[0m
[0;32mI (53234) http_server: /localTime.json requested[0m
[0;32mI (53234) sntp_time_sync: Current time info: 23.08.2023 16:29:25[0m
=== Reading NTC103 ===
Temp -273.1
[0;32mI (58234) http_server: /ntcSensor.json requested[0m
=== Reading NTC103 ===
Temp -273.1
[0;32mI (63234) http_server: /localTime.json requested[0m
[0;32mI (63234) sntp_time_sync: Current time info: 23.08.2023 16:29:35[0m
[0;32mI (63244) http_server: /ntcSensor.json requested[0m
=== Reading NTC103 ===
Temp -273.1
[0;32mI (68234) http_server: /ntcSensor.json requested[0m
=== Reading NTC103 ===
Temp -273.1
=== Reading NTC103 ===
Temp -273.1
[0;32mI (73224) http_server: /localTime.json requested[0m
[0;32mI (73224) sntp_time_sync: Current time info: 23.08.2023 16:29:45[0m
[0;32mI (73234) http_server: /ntcSensor.json requested[0m
=== Reading NTC103 ===
Temp -273.1
[0;32mI (78234) http_server: /ntcSensor.json requested[0m
=== Reading NTC103 ===
Temp -273.1
[0;32mI (83224) http_server: /localTime.json requested[0m
[0;32mI (83224) sntp_time_sync: Current time info: 23.08.2023 16:29:55[0m
[0;32mI (83244) http_server: /ntcSensor.json requested[0m
=== Reading NTC103 ===
Temp -273.1
[0;32mI (88234) http_server: /ntcSensor.json requested[0m
=== Reading NTC103 ===
Temp -273.1
=== Reading NTC103 ===
Temp -273.1
[0;32mI (93224) http_server: /localTime.json requested[0m
[0;32mI (93224) sntp_time_sync: Current time info: 23.08.2023 16:30:05[0m
[0;32mI (93234) http_server: /ntcSensor.json requested[0m
=== Reading NTC103 ===
Temp -273.1
[0;32mI (98234) http_server: /ntcSensor.json requested[0m
=== Reading NTC103 ===
Temp -273.1
[0;32mI (103224) http_server: /localTime.json requested[0m
[0;32mI (103234) sntp_time_sync: Current time info: 23.08.2023 16:30:15[0m
[0;32mI (103244) http_server: /ntcSensor.json requested[0m
